// Jest Snapshot v1, https://goo.gl/fbAQLP

exports[`Card Component Snapshot matches the snapshot 1`] = `
{
  "asFragment": [Function],
  "baseElement": <body>
    <div>
      <div
        class="card"
      >
        <img
          alt="blog"
          class="card-image"
          src="https://dummyimage.com/300x225/000/fff"
        />
        <div
          class="card-content"
        >
          <h2
            class="card-title"
          >
            Toyota Prius
          </h2>
          <p
            class="card-description"
          >
            12000
             km   |  
            Petrol
              |  
            Vashi, Mumbai
          </p>
          <h2
            class="card-price"
          >
            25000
          </h2>
          <div
            class="card-footer"
          >
            <a
              class="btn"
            >
              Get Seller Details
            </a>
          </div>
        </div>
      </div>
    </div>
  </body>,
  "container": <div>
    <div
      class="card"
    >
      <img
        alt="blog"
        class="card-image"
        src="https://dummyimage.com/300x225/000/fff"
      />
      <div
        class="card-content"
      >
        <h2
          class="card-title"
        >
          Toyota Prius
        </h2>
        <p
          class="card-description"
        >
          12000
           km   |  
          Petrol
            |  
          Vashi, Mumbai
        </p>
        <h2
          class="card-price"
        >
          25000
        </h2>
        <div
          class="card-footer"
        >
          <a
            class="btn"
          >
            Get Seller Details
          </a>
        </div>
      </div>
    </div>
  </div>,
  "debug": [Function],
  "findAllByAltText": [Function],
  "findAllByDisplayValue": [Function],
  "findAllByLabelText": [Function],
  "findAllByPlaceholderText": [Function],
  "findAllByRole": [Function],
  "findAllByTestId": [Function],
  "findAllByText": [Function],
  "findAllByTitle": [Function],
  "findByAltText": [Function],
  "findByDisplayValue": [Function],
  "findByLabelText": [Function],
  "findByPlaceholderText": [Function],
  "findByRole": [Function],
  "findByTestId": [Function],
  "findByText": [Function],
  "findByTitle": [Function],
  "getAllByAltText": [Function],
  "getAllByDisplayValue": [Function],
  "getAllByLabelText": [Function],
  "getAllByPlaceholderText": [Function],
  "getAllByRole": [Function],
  "getAllByTestId": [Function],
  "getAllByText": [Function],
  "getAllByTitle": [Function],
  "getByAltText": [Function],
  "getByDisplayValue": [Function],
  "getByLabelText": [Function],
  "getByPlaceholderText": [Function],
  "getByRole": [Function],
  "getByTestId": [Function],
  "getByText": [Function],
  "getByTitle": [Function],
  "queryAllByAltText": [Function],
  "queryAllByDisplayValue": [Function],
  "queryAllByLabelText": [Function],
  "queryAllByPlaceholderText": [Function],
  "queryAllByRole": [Function],
  "queryAllByTestId": [Function],
  "queryAllByText": [Function],
  "queryAllByTitle": [Function],
  "queryByAltText": [Function],
  "queryByDisplayValue": [Function],
  "queryByLabelText": [Function],
  "queryByPlaceholderText": [Function],
  "queryByRole": [Function],
  "queryByTestId": [Function],
  "queryByText": [Function],
  "queryByTitle": [Function],
  "rerender": [Function],
  "unmount": [Function],
}
`;
